fail-dble-decl.toy:19: foo is already declared
fail-dble-decl.toy:24: foo is already declared
fail-dble-decl.toy:30: m is already declared
fail-dble-decl.toy:50: x is already declared
fail-dble-decl.toy:54: z is already declared
*** 5 errors detected
// Code generated by toy compiler v0.5 on Mon Jan  4 03:26:21 2021
#include <toy-runtime.h>

int x = 0;
int foo(void) {
  return 10;
}
