fail-scope.toy:14: z is already declared
fail-scope.toy:21: x is already declared
fail-scope.toy:28: y is already declared
fail-scope.toy:33: x is already declared
fail-scope.toy:36: call or definition of 'foo' has too much parameters
*** 5 errors detected
// Code generated by toy compiler v0.5 on Mon Jan  4 03:26:22 2021
#include <toy-runtime.h>

int x = 1;
