fail-bool.toy:13: condition must be boolean
fail-bool.toy:13: condition must be boolean
*** 2 errors detected
