In loop: i = 0
In loop: i = 1
In loop: i = 2
--------------
Loop #1: k = 0
  Loop #2: k = 1
  Loop #2: k = 2
  Loop #2: k = 3
  Loop #2: k = 4
  Loop #2: k = 5
After Loop #1: k = 6
Loop #1: k = 6
  Loop #2: k = 7
  Loop #2: k = 8
  Loop #2: k = 9
  Loop #2: k = 10
  Loop #2: k = 11
After Loop #1: k = 12
Loop #1: k = 12
  Loop #2: k = 13
  Loop #2: k = 14
  Loop #2: k = 15
  Loop #2: k = 16
  Loop #2: k = 17
After Loop #1: k = 18
Loop #1: k = 18
  Loop #2: k = 19
  Loop #2: k = 20
  Loop #2: k = 21
  Loop #2: k = 22
  Loop #2: k = 23
After Loop #1: k = 24
Loop #1: k = 24
  Loop #2: k = 25
  Loop #2: k = 26
  Loop #2: k = 27
  Loop #2: k = 28
  Loop #2: k = 29
After Loop #1: k = 30
Final k = 30SUCCESS
