s='Hello, world.'
SUCCESS
abcdefgh
Concatenate two uninitialized: -><-
s='..................................................'
SUCCESS
