x = 3 y = 2 | x += 3*4 => 15 SUCCESS
x = 3 y = 2 | x += y *= x*x => 21 SUCCESS
x = 3 y = 2 | x *= y += x*x => 33 SUCCESS
x = 3 y = 2 | x *= y *= x*x => 54 SUCCESS
Finally x = 54 y = 18
