(after y = x++) x=1 y=0
(after y = ++x) x=2 y=2
-++y  = -3
- --y = -2
-y++  = -2
-y--  = -3
SUCCESS
