x = 0 | x += 1 => 1 SUCCESS
x = 1 | x -= 10 => -9 SUCCESS
x = -9 | x *= 10 => -90 SUCCESS
x = -90 | x /= -9 => 10 SUCCESS
