2**4+4    = 20 (should be 20)
2**(4+4)  = 256 (should be 256)
2**(2**2) = 16 (should be 16)
-2**4     = -16 (should be -16)
(-2)**4)  = 16 (should be +16)
5**12     = 244140625 (should be 244140625)
12**0     = 1 (should be 1)
3**4**2   = 43046721 (should be 43046721)
3**(4**2) = 43046721 (should be 43046721)
(3**4)**2 = 6561 (should be 6561)
2**0 = 1	3**0 = 1
2**1 = 2	3**1 = 3
2**2 = 4	3**2 = 9
2**3 = 8	3**3 = 27
2**4 = 16	3**4 = 81
2**5 = 32	3**5 = 243
2**6 = 64	3**6 = 729
2**7 = 128	3**7 = 2187
2**8 = 256	3**8 = 6561
2**9 = 512	3**9 = 19683
SUCCESS
