A string: abc
An int: 3
An expression: 18
A boolean False: false True: true
A boolean expression: true
End of test: SUCCESS
