in foo (1): x = 1 y = 2 z = 4
inner block: x = 10 y = 20 z = 4
more inner block: x = 10 y = 20 z = 30
in foo (2): x = 1 y = 2 z = 4
SUCCESS
