small
small
small
small
FOUR
FIVE
big
big
big
big
SUCCESS
