**** Running the ls command
total 1112
-rw-r--r--@ 1 zhaoyuqiao  staff   495 Jan  4 03:26 IGNORE
-rw-r--r--@ 1 zhaoyuqiao  staff  1731 Dec  1 18:29 Makefile
-rw-r--r--@ 1 zhaoyuqiao  staff  1030 Dec  1 18:29 README.md
-rwxr-xr-x@ 1 zhaoyuqiao  staff   859 Dec  1 18:29 exec-fail
-rwxr-xr-x@ 1 zhaoyuqiao  staff   613 Dec  1 18:29 exec-success
-rw-r--r--@ 1 zhaoyuqiao  staff   417 Dec  1 18:29 fail-bool.toy
-rw-r--r--@ 1 zhaoyuqiao  staff   368 Dec  1 18:29 fail-break1.toy
-rw-r--r--@ 1 zhaoyuqiao  staff   390 Dec  1 18:29 fail-concat.toy
-rw-r--r--@ 1 zhaoyuqiao  staff  1006 Dec  1 18:29 fail-dble-decl.toy
-rw-r--r--@ 1 zhaoyuqiao  staff   522 Dec  1 18:29 fail-for.toy
-rw-r--r--@ 1 zhaoyuqiao  staff   752 Dec  1 18:29 fail-func-decl.toy
-rw-r--r--@ 1 zhaoyuqiao  staff   453 Dec  1 18:29 fail-plusequal.toy
-rw-r--r--@ 1 zhaoyuqiao  staff   394 Dec  1 18:29 fail-plusplus.toy
-rw-r--r--@ 1 zhaoyuqiao  staff   401 Dec  1 18:29 fail-power.toy
-rw-r--r--@ 1 zhaoyuqiao  staff   774 Dec  1 18:29 fail-scope.toy
-rw-r--r--@ 1 zhaoyuqiao  staff   698 Dec  1 18:29 fail-switch.toy
-rw-r--r--@ 1 zhaoyuqiao  staff   353 Dec  1 18:29 fail-syntax.toy
-rw-r--r--@ 1 zhaoyuqiao  staff   447 Dec  1 18:29 fail-try.toy
-rw-r--r--@ 1 zhaoyuqiao  staff   368 Dec  1 18:29 fail-undecl-var.toy
-rw-r--r--@ 1 zhaoyuqiao  staff   506 Dec  1 18:29 fail-var-decl.toy
-rwxr-xr-x  1 zhaoyuqiao  staff  9380 Jan  4 03:26 ok-break1
drwxr-xr-x  3 zhaoyuqiao  staff    96 Jan  4 02:54 ok-break1.dSYM
-rw-r--r--  1 zhaoyuqiao  staff   709 Jan  4 03:26 ok-break1.out
-rw-r--r--@ 1 zhaoyuqiao  staff   866 Dec  1 18:29 ok-break1.toy
-rwxr-xr-x  1 zhaoyuqiao  staff  9380 Jan  4 03:26 ok-break2
drwxr-xr-x  3 zhaoyuqiao  staff    96 Jan  4 02:54 ok-break2.dSYM
-rw-r--r--  1 zhaoyuqiao  staff   709 Jan  4 03:26 ok-break2.out
-rw-r--r--@ 1 zhaoyuqiao  staff   851 Dec  1 18:29 ok-break2.toy
-rwxr-xr-x  1 zhaoyuqiao  staff  9428 Jan  4 03:26 ok-concat
drwxr-xr-x  3 zhaoyuqiao  staff    96 Jan  4 02:58 ok-concat.dSYM
-rw-r--r--  1 zhaoyuqiao  staff   134 Jan  4 03:26 ok-concat.out
-rw-r--r--@ 1 zhaoyuqiao  staff   838 Dec  1 18:29 ok-concat.toy
-rwxr-xr-x  1 zhaoyuqiao  staff  9716 Jan  4 03:26 ok-fact
drwxr-xr-x  3 zhaoyuqiao  staff    96 Jan  4 02:54 ok-fact.dSYM
-rw-r--r--  1 zhaoyuqiao  staff    49 Jan  4 03:26 ok-fact.out
-rw-r--r--@ 1 zhaoyuqiao  staff   654 Dec  1 18:29 ok-fact.toy
-rwxr-xr-x  1 zhaoyuqiao  staff  9516 Jan  4 03:26 ok-float
drwxr-xr-x  3 zhaoyuqiao  staff    96 Jan  4 02:54 ok-float.dSYM
-rw-r--r--  1 zhaoyuqiao  staff   214 Jan  4 03:26 ok-float.out
-rw-r--r--@ 1 zhaoyuqiao  staff  1110 Dec  1 18:29 ok-float.toy
-rwxr-xr-x  1 zhaoyuqiao  staff  9380 Jan  4 03:26 ok-for
drwxr-xr-x  3 zhaoyuqiao  staff    96 Jan  4 02:54 ok-for.dSYM
-rw-r--r--  1 zhaoyuqiao  staff   291 Jan  4 03:26 ok-for.out
-rw-r--r--@ 1 zhaoyuqiao  staff   843 Dec  1 18:29 ok-for.toy
-rwxr-xr-x  1 zhaoyuqiao  staff  9388 Jan  4 03:26 ok-numbers
drwxr-xr-x  3 zhaoyuqiao  staff    96 Jan  4 02:54 ok-numbers.dSYM
-rw-r--r--  1 zhaoyuqiao  staff    90 Jan  4 03:26 ok-numbers.out
-rw-r--r--@ 1 zhaoyuqiao  staff   524 Dec  1 18:29 ok-numbers.toy
-rwxr-xr-x  1 zhaoyuqiao  staff  9388 Jan  4 03:26 ok-plusequal1
drwxr-xr-x  3 zhaoyuqiao  staff    96 Jan  4 03:00 ok-plusequal1.dSYM
-rw-r--r--  1 zhaoyuqiao  staff    36 Jan  4 03:26 ok-plusequal1.out
-rw-r--r--@ 1 zhaoyuqiao  staff   467 Dec  1 18:29 ok-plusequal1.toy
-rwxr-xr-x  1 zhaoyuqiao  staff  9388 Jan  4 03:26 ok-plusequal2
drwxr-xr-x  3 zhaoyuqiao  staff    96 Jan  4 03:00 ok-plusequal2.dSYM
-rw-r--r--  1 zhaoyuqiao  staff   122 Jan  4 03:26 ok-plusequal2.out
-rw-r--r--@ 1 zhaoyuqiao  staff   654 Dec  1 18:29 ok-plusequal2.toy
-rwxr-xr-x  1 zhaoyuqiao  staff  9388 Jan  4 03:26 ok-plusequal3
drwxr-xr-x  3 zhaoyuqiao  staff    96 Jan  4 03:00 ok-plusequal3.dSYM
-rw-r--r--  1 zhaoyuqiao  staff   185 Jan  4 03:26 ok-plusequal3.out
-rw-r--r--@ 1 zhaoyuqiao  staff   923 Dec  1 18:29 ok-plusequal3.toy
-rwxr-xr-x  1 zhaoyuqiao  staff  9388 Jan  4 03:26 ok-plusplus
drwxr-xr-x  3 zhaoyuqiao  staff    96 Jan  4 02:54 ok-plusplus.dSYM
-rw-r--r--  1 zhaoyuqiao  staff   100 Jan  4 03:26 ok-plusplus.out
-rw-r--r--@ 1 zhaoyuqiao  staff   630 Dec  1 18:29 ok-plusplus.toy
-rwxr-xr-x  1 zhaoyuqiao  staff  9380 Jan  4 03:26 ok-power
drwxr-xr-x  3 zhaoyuqiao  staff    96 Jan  4 02:54 ok-power.dSYM
-rw-r--r--  1 zhaoyuqiao  staff   558 Jan  4 03:26 ok-power.out
-rw-r--r--@ 1 zhaoyuqiao  staff  1063 Dec  1 18:29 ok-power.toy
-rwxr-xr-x  1 zhaoyuqiao  staff  9380 Jan  4 03:26 ok-print1
drwxr-xr-x  3 zhaoyuqiao  staff    96 Jan  4 02:54 ok-print1.dSYM
-rw-r--r--  1 zhaoyuqiao  staff   124 Jan  4 03:26 ok-print1.out
-rw-r--r--@ 1 zhaoyuqiao  staff   515 Dec  1 18:29 ok-print1.toy
-rwxr-xr-x  1 zhaoyuqiao  staff  9532 Jan  4 03:26 ok-scope
drwxr-xr-x  3 zhaoyuqiao  staff    96 Jan  4 02:54 ok-scope.dSYM
-rw-r--r--  1 zhaoyuqiao  staff   140 Jan  4 03:26 ok-scope.out
-rw-r--r--@ 1 zhaoyuqiao  staff   826 Dec  1 18:29 ok-scope.toy
-rwxr-xr-x  1 zhaoyuqiao  staff  9428 Jan  4 03:26 ok-string
drwxr-xr-x  3 zhaoyuqiao  staff    96 Jan  4 02:54 ok-string.dSYM
-rw-r--r--  1 zhaoyuqiao  staff   281 Jan  4 03:26 ok-string.out
-rw-r--r--@ 1 zhaoyuqiao  staff  1103 Dec  1 18:29 ok-string.toy
-rwxr-xr-x  1 zhaoyuqiao  staff  9388 Jan  4 03:26 ok-switch1
drwxr-xr-x  3 zhaoyuqiao  staff    96 Jan  4 03:25 ok-switch1.dSYM
-rw-r--r--  1 zhaoyuqiao  staff    58 Jan  4 03:26 ok-switch1.out
-rw-r--r--@ 1 zhaoyuqiao  staff   658 Dec  1 18:29 ok-switch1.toy
-rwxr-xr-x  1 zhaoyuqiao  staff  9388 Jan  4 03:26 ok-switch2
drwxr-xr-x  3 zhaoyuqiao  staff    96 Jan  4 03:25 ok-switch2.dSYM
-rw-r--r--  1 zhaoyuqiao  staff    58 Jan  4 03:26 ok-switch2.out
-rw-r--r--@ 1 zhaoyuqiao  staff   652 Dec  1 18:29 ok-switch2.toy
-rwxr-xr-x  1 zhaoyuqiao  staff  9388 Jan  4 03:26 ok-switch3
drwxr-xr-x  3 zhaoyuqiao  staff    96 Jan  4 03:25 ok-switch3.dSYM
-rw-r--r--  1 zhaoyuqiao  staff     8 Jan  4 03:26 ok-switch3.out
-rw-r--r--@ 1 zhaoyuqiao  staff   441 Dec  1 18:29 ok-switch3.toy
-rwxr-xr-x  1 zhaoyuqiao  staff  9428 Jan  4 03:26 ok-system
drwxr-xr-x  3 zhaoyuqiao  staff    96 Jan  4 02:54 ok-system.dSYM
-rw-r--r--  1 zhaoyuqiao  staff    28 Jan  4 03:26 ok-system.out
-rw-r--r--@ 1 zhaoyuqiao  staff   418 Dec  1 18:29 ok-system.toy
-rwxr-xr-x  1 zhaoyuqiao  staff  9572 Jan  4 03:26 ok-try1
drwxr-xr-x  3 zhaoyuqiao  staff    96 Jan  4 03:26 ok-try1.dSYM
-rw-r--r--@ 1 zhaoyuqiao  staff   618 Dec  1 18:29 ok-try1.toy
-rwxr-xr-x  1 zhaoyuqiao  staff  9572 Jan  4 03:26 ok-try2
drwxr-xr-x  3 zhaoyuqiao  staff    96 Jan  4 03:26 ok-try2.dSYM
-rw-r--r--@ 1 zhaoyuqiao  staff  1098 Dec  1 18:29 ok-try2.toy
-rwxr-xr-x  1 zhaoyuqiao  staff  9724 Jan  4 03:26 ok-try3
drwxr-xr-x  3 zhaoyuqiao  staff    96 Jan  4 03:26 ok-try3.dSYM
-rw-r--r--@ 1 zhaoyuqiao  staff   898 Dec  1 18:29 ok-try3.toy
-rwxr-xr-x  1 zhaoyuqiao  staff  9628 Jan  4 03:26 ok-try4
drwxr-xr-x  3 zhaoyuqiao  staff    96 Jan  4 03:26 ok-try4.dSYM
-rw-r--r--@ 1 zhaoyuqiao  staff   646 Dec  1 18:29 ok-try4.toy
-rwxr-xr-x  1 zhaoyuqiao  staff  9684 Jan  4 03:26 ok-try5
drwxr-xr-x  3 zhaoyuqiao  staff    96 Jan  4 03:26 ok-try5.dSYM
-rw-r--r--@ 1 zhaoyuqiao  staff  1610 Dec  1 18:29 ok-try5.toy
-rwxr-xr-x  1 zhaoyuqiao  staff  9676 Jan  4 03:26 ok-var-decl
drwxr-xr-x  3 zhaoyuqiao  staff    96 Jan  4 02:54 ok-var-decl.dSYM
-rw-r--r--@ 1 zhaoyuqiao  staff   594 Dec  1 18:29 ok-var-decl.toy
lrwxr-xr-x@ 1 zhaoyuqiao  staff    10 Dec  1 18:29 toy -> ../src/toy
**** We're back: SUCCESS
