We are in foo
SUCCESS
We are in foo
SUCCESS
We are in foo
SUCCESS
We are in foo
SUCCESS
