We are in foo
We are in bar
Catch of foo
Finally of foo
catch of main
Finally of main
SUCCESS
