external
internal
internal catch
internal finally
external finally
SUCCESS
external
internal
internal catch
internal finally
external catch
external finally
SUCCESS
